../Core/Src/main.c:116:7:replaceCharsWithAsterisks	24	static
../Core/Src/main.c:132:5:main	8	static
../Core/Src/main.c:231:6:SystemClock_Config	88	static
../Core/Src/main.c:278:13:MX_I2C1_Init	8	static
../Core/Src/main.c:311:13:MX_USART2_UART_Init	8	static
../Core/Src/main.c:343:13:MX_GPIO_Init	48	static
../Core/Src/main.c:407:6:StartDefaultTask	16	static
../Core/Src/main.c:425:6:StartTaskKeypad	16	static
../Core/Src/main.c:478:6:StartTaskDisplay	24	static
../Core/Src/main.c:511:6:StartTaskLED	16	static
../Core/Src/main.c:540:6:HAL_TIM_PeriodElapsedCallback	16	static
../Core/Src/main.c:558:6:Error_Handler	4	static,ignoring_inline_asm
