../Core/Src/main.c:114:5:main	8	static
../Core/Src/main.c:214:6:SystemClock_Config	88	static
../Core/Src/main.c:262:13:MX_I2C1_Init	8	static
../Core/Src/main.c:296:13:MX_USART2_UART_Init	8	static
../Core/Src/main.c:329:13:MX_GPIO_Init	48	static
../Core/Src/main.c:394:6:StartDefaultTask	16	static
../Core/Src/main.c:412:6:StartTaskKeypad	24	static
../Core/Src/main.c:454:6:StartTaskDisplay	24	static
../Core/Src/main.c:476:6:StartTaskLED	16	static
../Core/Src/main.c:503:6:HAL_TIM_PeriodElapsedCallback	16	static
../Core/Src/main.c:520:6:Error_Handler	4	static,ignoring_inline_asm
